// Vitest Snapshot v1, https://vitest.dev/guide/snapshot.html

exports[`App component > matches the snapshot 1`] = `
<DocumentFragment>
  <h1>
    daily_update
  </h1>
  <button>
    Login
  </button>
  <button>
    Register
  </button>
  <button>
    Forgotten Password?
  </button>
</DocumentFragment>
`;
